apiVersion: kustomize.config.k8s.io/v1beta1
bases:
- base
commonLabels:
  app.kubernetes.io/component: pytorch
  app.kubernetes.io/instance: pytorch-operator
  app.kubernetes.io/managed-by: kfctl
  app.kubernetes.io/name: pytorch-operator-application
  app.kubernetes.io/part-of: kubeflow
  app.kubernetes.io/version: v0.6.0
configMapGenerator:
- files:
  - overlays/application/cm-gen-file
  name: app-cm
kind: Kustomization
namespace: kubeflow
resources:
- overlays/application/application.yaml
